// Vitest Snapshot v1, https://vitest.dev/guide/snapshot.html

exports[`Component > Renders All 1`] = `
"<div class=\\"row g-0\\" items=\\"[object Object],[object Object],[object Object],[object Object],[object Object]\\">
  <div class=\\"col-md-4\\"><img src=\\"/images/undefined\\" class=\\"img-fluid rounded-start\\"></div>
  <div class=\\"col-md-8\\">
    <div class=\\"card-body\\">
      <h5 class=\\"card-title mb-3\\"></h5>
      <h6 class=\\"card-title mb-3\\"></h6>
      <p class=\\"card-text text-truncate\\"> Описание: </p>
      <p class=\\"card-text\\">Категория: </p>
      <p class=\\"card-text\\"> Издательство: . Год: </p>
      <p class=\\"card-text\\">Цена: руб.</p>
      <p class=\\"card-text\\"><small class=\\"text-muted\\">ISBN: </small></p><button type=\\"button\\" class=\\"btn btn-primary\\" mt-3=\\"\\" mb-3=\\"\\">Удалить</button>
    </div>
  </div>
</div>"
`;

exports[`Component BookItem2 > Renders All 1`] = `
"<div class=\\"row g-0\\" items=\\"[object Object],[object Object],[object Object],[object Object],[object Object]\\">
  <div class=\\"col-md-4\\"><img src=\\"/images/undefined\\" class=\\"img-fluid rounded-start\\"></div>
  <div class=\\"col-md-8\\">
    <div class=\\"card-body\\">
      <h5 class=\\"card-title mb-3\\"></h5>
      <h6 class=\\"card-title mb-3\\"></h6>
      <p class=\\"card-text text-truncate\\"> Описание: </p>
      <p class=\\"card-text\\">Категория: </p>
      <p class=\\"card-text\\"> Издательство: . Год: </p>
      <p class=\\"card-text\\">Цена: руб.</p>
      <p class=\\"card-text\\"><small class=\\"text-muted\\">ISBN: </small></p><button type=\\"button\\" class=\\"btn btn-primary\\" mt-3=\\"\\" mb-3=\\"\\">Удалить</button>
    </div>
  </div>
</div>"
`;
